gb_ssd1306.c:19:6:I2C_Master_Send	24	static
gb_ssd1306.c:24:6:I2C_Master_Recv	24	static
gb_ssd1306.c:211:6:ssd1306_init	8	static
gb_ssd1306.c:264:6:ssd1306_sendcommand	32	static
gb_ssd1306.c:279:6:ssd1306_senddata	32	static
gb_ssd1306.c:293:6:ssd1306_update_data	16	static
gb_ssd1306.c:332:6:ssd1306_SetCursor	16	static
gb_ssd1306.c:351:6:ssd1306_GotoXY	16	static
gb_ssd1306.c:357:6:ssd1306_GoToNextLine	8	static
gb_ssd1306.c:370:6:ssd1306_clear	16	static
gb_ssd1306.c:374:6:ssd1306_bitmap	16	static
gb_ssd1306.c:382:6:ssd1306_draw_pixel	16	static
gb_ssd1306.c:400:6:ssd1306_toggle_invert	16	static
gb_ssd1306.c:415:6:ssd1306_print_char	24	static
gb_ssd1306.c:440:6:ssd1306_print_string	16	static
gb_ssd1306.c:450:6:ssd1306_print_binary	24	static
gb_ssd1306.c:465:6:ssd1306_print_decimel	24	static
gb_ssd1306.c:485:6:ssd1306_float	32	static
gb_ssd1306.c:493:6:ssd1306_fill_byte	24	static
gb_ssd1306.c:509:6:ssd1306_DrawLineV	40	static
gb_ssd1306.c:530:6:ssd1306_DrawLineH	40	static
gb_ssd1306.c:545:6:ssd1306_drawRectangle	24	static
gb_ssd1306.c:558:6:ssd1306_drawRectangleFill	32	static
