gb_hlw8012.c:39:10:hlw8012_getcurrent_multiplier	4	static
gb_hlw8012.c:40:12:hlw8012_getvoltage_multiplier	4	static
gb_hlw8012.c:42:8:hlw8012_getpower_multiplier	4	static
gb_hlw8012.c:44:6:hlw8012_sel_high_current	4	static
gb_hlw8012.c:50:6:hlw8012_sel_low_volatge	4	static
gb_hlw8012.c:57:6:gb_unblockingDelay	24	static
gb_hlw8012.c:64:7:hlw8012_getcurrent	16	static
gb_hlw8012.c:83:7:pulseIN_current	16	static
gb_hlw8012.c:100:7:hlw8012_getvoltage	16	static
gb_hlw8012.c:108:7:pulseIN_voltage	16	static
gb_hlw8012.c:122:7:hlw8012_getactivepower	16	static
gb_hlw8012.c:130:7:pulseIN_power	16	static
gb_hlw8012.c:146:6:hlw8012_expected_ActiveCurrent	16	static
gb_hlw8012.c:151:6:hlw8012_expected_Activevoltage	16	static
gb_hlw8012.c:156:6:hlw8012_expected_Activepower	24	static
gb_hlw8012.c:161:6:hlw8012_calculate_default_multiplier	8	static
gb_hlw8012.c:168:6:hlw8012_setResistors	24	static
gb_hlw8012.c:181:6:hlw8012_calibrate	8	static
