gb_hlw8012.c:36:10:hlw8012_getcurrent_multiplier	4	static
gb_hlw8012.c:37:12:hlw8012_getvoltage_multiplier	4	static
gb_hlw8012.c:39:8:hlw8012_getpower_multiplier	4	static
gb_hlw8012.c:41:6:hlw8012_sel_high_current	4	static
gb_hlw8012.c:47:6:hlw8012_sel_low_volatge	4	static
gb_hlw8012.c:54:6:gb_unblockingDelay	24	static
gb_hlw8012.c:61:7:hlw8012_getcurrent	16	static
gb_hlw8012.c:80:7:pulseIN_current	16	static
gb_hlw8012.c:97:7:hlw8012_getvoltage	16	static
gb_hlw8012.c:105:7:pulseIN_voltage	16	static
gb_hlw8012.c:120:7:pulseIN_power	16	static
gb_hlw8012.c:134:7:hlw8012_getactivepower	16	static
gb_hlw8012.c:140:6:hlw8012_expected_ActiveCurrent	16	static
gb_hlw8012.c:145:6:hlw8012_expected_Activevoltage	16	static
gb_hlw8012.c:150:6:hlw8012_expected_Activepower	24	static
gb_hlw8012.c:155:6:hlw8012_calculate_default_multiplier	8	static
gb_hlw8012.c:162:6:hlw8012_setResistors	24	static
gb_hlw8012.c:170:6:hlw8012_calibrate	8	static
