gb_timer_input_capture.c:32:6:tim4_ch1_capture_config	4	static
gb_timer_input_capture.c:40:6:tim4_ch1_capture_unconfig	4	static
gb_timer_input_capture.c:48:6:tim3_ch2_capture_config	4	static
gb_timer_input_capture.c:56:6:tim3_ch2_capture_unconfig	4	static
gb_timer_input_capture.c:64:6:TIM3_IRQHandler	8	static
gb_timer_input_capture.c:100:7:TIM3_getPeriod	4	static
gb_timer_input_capture.c:105:7:TIM3_getwidth	4	static
gb_timer_input_capture.c:110:7:TIM3_getFrequency	4	static
gb_timer_input_capture.c:116:6:TIM3_setPeriod	16	static
gb_timer_input_capture.c:124:6:TIM4_IRQHandler	8	static
gb_timer_input_capture.c:159:7:TIM4_getPeriod	4	static
gb_timer_input_capture.c:164:7:TIM4_getwidth	4	static
gb_timer_input_capture.c:169:7:TIM4_getFrequency	4	static
gb_timer_input_capture.c:175:6:TIM4_setPeriod	16	static
