core_cm3.h:1617:26:__NVIC_GetActive	16	static
GB_ESP8266_Basic.c:17:10:size_of_command	24	static
GB_ESP8266_Basic.c:27:6:GB_send_command	16	static
GB_ESP8266_Basic.c:34:6:GB_printString1	16	static
GB_ESP8266_Basic.c:49:6:USART2_IRQHandler	8	static
GB_ESP8266_Basic.c:80:7:GB_getchar_UART2	16	static
GB_ESP8266_Basic.c:92:6:GB_getstring_UART2	24	static
GB_ESP8266_Basic.c:107:7:GB_search_buffer	24	static
GB_ESP8266_Basic.c:118:5:GB_RFR_UART2	32	static
GB_ESP8266_Basic.c:139:6:GB_esp8266_getmode	24	static
GB_ESP8266_Basic.c:164:6:GB_esp8266_connectiontype	24	static
GB_ESP8266_Basic.c:187:6:GB_esp8266_getAP	40	static
GB_ESP8266_Basic.c:214:6:GB_esp8266_setAP	72	static
GB_ESP8266_Basic.c:259:6:GB_esp8266_IPadress	160	static
GB_ESP8266_Basic.c:353:6:GB_esp8266_listAP	16	static
GB_ESP8266_Basic.c:368:6:GB_esp8266_rst	16	static
GB_ESP8266_Basic.c:376:6:GB_esp8266_initialise_client	8	static
